// Jest Snapshot v1, https://goo.gl/fbAQLP

exports[`Tabs 1 1`] = `
<div
  className="react-tabs"
  data-tabs={true}
  onClick={[Function]}
  onKeyDown={[Function]}
>
  <ul
    className="react-tabs__tab-list"
    role="tablist"
  >
    <li
      aria-controls="react-tabs-1"
      aria-disabled="false"
      aria-selected="true"
      className="react-tabs__tab react-tabs__tab--selected"
      data-tab-id="tab-0"
      id="react-tabs-0"
      role="tab"
      tabIndex="0"
    >
      Mario
    </li>
    <li
      aria-controls="react-tabs-3"
      aria-disabled="false"
      aria-selected="false"
      className="react-tabs__tab"
      data-tab-id="tab-1"
      id="react-tabs-2"
      role="tab"
      tabIndex={null}
    >
      Peach
    </li>
    <li
      aria-controls="react-tabs-5"
      aria-disabled="false"
      aria-selected="false"
      className="react-tabs__tab"
      data-tab-id="tab-2"
      id="react-tabs-4"
      role="tab"
      tabIndex={null}
    >
      Yoshi
    </li>
  </ul>
  <div
    aria-labelledby="react-tabs-0"
    className="react-tabs__tab-panel react-tabs__tab-panel--selected"
    id="react-tabs-1"
    role="tabpanel"
  >
    Mario ipsum dolor sit, amet consectetur adipisicing elit.
  </div>
  <div
    aria-labelledby="react-tabs-2"
    className="react-tabs__tab-panel"
    id="react-tabs-3"
    role="tabpanel"
  />
  <div
    aria-labelledby="react-tabs-4"
    className="react-tabs__tab-panel"
    id="react-tabs-5"
    role="tabpanel"
  />
</div>
`;
